
> health-tracker-client@1.0.0 build
> next build

  Γû▓ Next.js 14.2.32
  - Environments: .env.local

   Creating an optimized production build ...
node.exe : Failed to compile.
At line:1 char:1
+ & "C:\Program Files\nodejs/node.exe" "C:\Program Files\nodejs/node_mo ...
+ ~~~~~~~~~~~~~~~~~~~~~~~~~~~~~~~~~~~~~~~~~~~~~~~~~~~~~~~~~~~~~~~~~~~~~
    + CategoryInfo          : NotSpecified: (Failed to compile.:String) [], Re 
   moteException
    + FullyQualifiedErrorId : NativeCommandError
 

./app/auth/login/page.tsx
Error: 
  [31mx[0m Unexpected token `Suspense`. Expected jsx identifier
    ,-[[36;1;4mE:\Nutrimind\client\app\auth\login\page.tsx[0m:36:1]
 [2m36[0m |   }
 [2m37[0m | 
 [2m38[0m |   return (
 [2m39[0m |     <Suspense fallback={<div className="min-h-screen flex 
items-center justify-center">Loading...</div>}>
    : [31;1m     ^^^^^^^^[0m
 [2m40[0m |       <div className="min-h-screen bg-gradient-to-br 
from-primary-50 to-secondary-50 flex items-center justify-center py-12 px-4 
sm:px-6 lg:px-8">
 [2m41[0m |       <div className="max-w-md w-full space-y-8">
 [2m41[0m |         {/* Header */}
    `----

Caused by:
    Syntax Error

Import trace for requested module:
./app/auth/login/page.tsx


> Build failed because of webpack errors
