
> health-wellness-tracker@1.0.0 build
> cd client && npm run build


> health-tracker-client@1.0.0 build
> next build

  Γû▓ Next.js 14.2.32
  - Environments: .env.local

   Creating an optimized production build ...
node.exe : Failed to compile.
At line:1 char:1
+ & "C:\Program Files\nodejs/node.exe" "C:\Program Files\nodejs/node_mo ...
+ ~~~~~~~~~~~~~~~~~~~~~~~~~~~~~~~~~~~~~~~~~~~~~~~~~~~~~~~~~~~~~~~~~~~~~
    + CategoryInfo          : NotSpecified: (Failed to compile.:String) [], Re 
   moteException
    + FullyQualifiedErrorId : NativeCommandError
 

./app/auth/register/page.tsx
Error: 
  [31mx[0m Unexpected token `div`. Expected jsx identifier
    ,-[[36;1;4mE:\Nutrimind\client\app\auth\register\page.tsx[0m:65:1]
 [2m65[0m |   }
 [2m66[0m | 
 [2m67[0m |   return (
 [2m68[0m |       <div className="min-h-screen bg-gradient-to-br 
from-primary-50 to-secondary-50 flex items-center justify-center py-12 px-4 
sm:px-6 lg:px-8">
    : [31;1m       ^^^[0m
 [2m69[0m |       <div className="max-w-md w-full space-y-8">
 [2m70[0m |         {/* Header */}
 [2m70[0m |         <motion.div
    `----

Caused by:
    Syntax Error

Import trace for requested module:
./app/auth/register/page.tsx


> Build failed because of webpack errors
